// Jest Snapshot v1, https://goo.gl/fbAQLP

exports[`ItemTableHeader matches snapshot 1`] = `
<thead>
  <tr
    className="primary"
  >
    <th
      colSpan={2}
    />
    <th
      className="item"
      key="Item"
      onClick={[Function]}
    >
      <div
        className="item"
      >
        <span>
          Item
        </span>
        <span
          aria-hidden="true"
          className="fa fa-sort-asc"
          style={
            Object {
              "color": "gray",
            }
          }
        />
      </div>
    </th>
    <th
      className="claimAndTarget"
      key="Claim/Target"
      onClick={[Function]}
    >
      <div
        className="claimAndTarget"
      >
        <span>
          Claim/Target
        </span>
        <span
          aria-hidden="true"
          className="fa fa-sort"
          style={
            Object {
              "color": "gray",
            }
          }
        />
      </div>
    </th>
    <th
      className="subject"
      key="Subject"
      onClick={[Function]}
    >
      <div
        className="subject"
      >
        <span>
          Subject
        </span>
        <span
          aria-hidden="true"
          className="fa fa-sort"
          style={
            Object {
              "color": "gray",
            }
          }
        />
      </div>
    </th>
    <th
      className="grade"
      key="Grade"
      onClick={[Function]}
    >
      <div
        className="grade"
      >
        <span>
          Grade
        </span>
        <span
          aria-hidden="true"
          className="fa fa-sort"
          style={
            Object {
              "color": "gray",
            }
          }
        />
      </div>
    </th>
    <th
      className="interactionType"
      key="Item Type"
      onClick={[Function]}
    >
      <div
        className="interactionType"
      >
        <span>
          Item Type
        </span>
        <span
          aria-hidden="true"
          className="fa fa-sort"
          style={
            Object {
              "color": "gray",
            }
          }
        />
      </div>
    </th>
  </tr>
</thead>
`;

exports[`ItemTableHeader sorts list on header click 1`] = `"\\"<thead><tr class=\\\\\\"primary\\\\\\"><th colSpan=\\\\\\"2\\\\\\"></th><th class=\\\\\\"item\\\\\\"><div class=\\\\\\"item\\\\\\"><span>Item</span><span style=\\\\\\"color:gray\\\\\\" class=\\\\\\"fa fa-sort-asc\\\\\\" aria-hidden=\\\\\\"true\\\\\\"></span></div></th><th class=\\\\\\"claimAndTarget\\\\\\"><div class=\\\\\\"claimAndTarget\\\\\\"><span>Claim/Target</span><span style=\\\\\\"color:gray\\\\\\" class=\\\\\\"fa fa-sort\\\\\\" aria-hidden=\\\\\\"true\\\\\\"></span></div></th><th class=\\\\\\"subject\\\\\\"><div class=\\\\\\"subject\\\\\\"><span>Subject</span><span style=\\\\\\"color:gray\\\\\\" class=\\\\\\"fa fa-sort\\\\\\" aria-hidden=\\\\\\"true\\\\\\"></span></div></th><th class=\\\\\\"grade\\\\\\"><div class=\\\\\\"grade\\\\\\"><span>Grade</span><span style=\\\\\\"color:gray\\\\\\" class=\\\\\\"fa fa-sort\\\\\\" aria-hidden=\\\\\\"true\\\\\\"></span></div></th><th class=\\\\\\"interactionType\\\\\\"><div class=\\\\\\"interactionType\\\\\\"><span>Item Type</span><span style=\\\\\\"color:gray\\\\\\" class=\\\\\\"fa fa-sort\\\\\\" aria-hidden=\\\\\\"true\\\\\\"></span></div></th></tr></thead>\\""`;

exports[`ItemTableHeader sorts list on header click 2`] = `"\\"<thead><tr class=\\\\\\"primary\\\\\\"><th colSpan=\\\\\\"2\\\\\\"></th><th class=\\\\\\"item\\\\\\"><div class=\\\\\\"item\\\\\\"><span>Item</span><span style=\\\\\\"color:gray\\\\\\" class=\\\\\\"fa fa-sort-asc\\\\\\" aria-hidden=\\\\\\"true\\\\\\"></span></div></th><th class=\\\\\\"claimAndTarget\\\\\\"><div class=\\\\\\"claimAndTarget\\\\\\"><span>Claim/Target</span><span style=\\\\\\"color:gray\\\\\\" class=\\\\\\"fa fa-sort\\\\\\" aria-hidden=\\\\\\"true\\\\\\"></span></div></th><th class=\\\\\\"subject\\\\\\"><div class=\\\\\\"subject\\\\\\"><span>Subject</span><span style=\\\\\\"color:gray\\\\\\" class=\\\\\\"fa fa-sort\\\\\\" aria-hidden=\\\\\\"true\\\\\\"></span></div></th><th class=\\\\\\"grade\\\\\\"><div class=\\\\\\"grade\\\\\\"><span>Grade</span><span style=\\\\\\"color:gray\\\\\\" class=\\\\\\"fa fa-sort\\\\\\" aria-hidden=\\\\\\"true\\\\\\"></span></div></th><th class=\\\\\\"interactionType\\\\\\"><div class=\\\\\\"interactionType\\\\\\"><span>Item Type</span><span style=\\\\\\"color:gray\\\\\\" class=\\\\\\"fa fa-sort\\\\\\" aria-hidden=\\\\\\"true\\\\\\"></span></div></th></tr></thead>\\""`;

exports[`ItemTableHeader sorts list on header click 3`] = `"\\"<thead><tr class=\\\\\\"primary\\\\\\"><th colSpan=\\\\\\"2\\\\\\"></th><th class=\\\\\\"item\\\\\\"><div class=\\\\\\"item\\\\\\"><span>Item</span><span style=\\\\\\"color:gray\\\\\\" class=\\\\\\"fa fa-sort-asc\\\\\\" aria-hidden=\\\\\\"true\\\\\\"></span></div></th><th class=\\\\\\"claimAndTarget\\\\\\"><div class=\\\\\\"claimAndTarget\\\\\\"><span>Claim/Target</span><span style=\\\\\\"color:gray\\\\\\" class=\\\\\\"fa fa-sort\\\\\\" aria-hidden=\\\\\\"true\\\\\\"></span></div></th><th class=\\\\\\"subject\\\\\\"><div class=\\\\\\"subject\\\\\\"><span>Subject</span><span style=\\\\\\"color:gray\\\\\\" class=\\\\\\"fa fa-sort\\\\\\" aria-hidden=\\\\\\"true\\\\\\"></span></div></th><th class=\\\\\\"grade\\\\\\"><div class=\\\\\\"grade\\\\\\"><span>Grade</span><span style=\\\\\\"color:gray\\\\\\" class=\\\\\\"fa fa-sort\\\\\\" aria-hidden=\\\\\\"true\\\\\\"></span></div></th><th class=\\\\\\"interactionType\\\\\\"><div class=\\\\\\"interactionType\\\\\\"><span>Item Type</span><span style=\\\\\\"color:gray\\\\\\" class=\\\\\\"fa fa-sort\\\\\\" aria-hidden=\\\\\\"true\\\\\\"></span></div></th></tr></thead>\\""`;

exports[`ItemTableHeader sorts list on header click 4`] = `"\\"<thead><tr class=\\\\\\"primary\\\\\\"><th colSpan=\\\\\\"2\\\\\\"></th><th class=\\\\\\"item\\\\\\"><div class=\\\\\\"item\\\\\\"><span>Item</span><span style=\\\\\\"color:gray\\\\\\" class=\\\\\\"fa fa-sort-asc\\\\\\" aria-hidden=\\\\\\"true\\\\\\"></span></div></th><th class=\\\\\\"claimAndTarget\\\\\\"><div class=\\\\\\"claimAndTarget\\\\\\"><span>Claim/Target</span><span style=\\\\\\"color:gray\\\\\\" class=\\\\\\"fa fa-sort\\\\\\" aria-hidden=\\\\\\"true\\\\\\"></span></div></th><th class=\\\\\\"subject\\\\\\"><div class=\\\\\\"subject\\\\\\"><span>Subject</span><span style=\\\\\\"color:gray\\\\\\" class=\\\\\\"fa fa-sort\\\\\\" aria-hidden=\\\\\\"true\\\\\\"></span></div></th><th class=\\\\\\"grade\\\\\\"><div class=\\\\\\"grade\\\\\\"><span>Grade</span><span style=\\\\\\"color:gray\\\\\\" class=\\\\\\"fa fa-sort\\\\\\" aria-hidden=\\\\\\"true\\\\\\"></span></div></th><th class=\\\\\\"interactionType\\\\\\"><div class=\\\\\\"interactionType\\\\\\"><span>Item Type</span><span style=\\\\\\"color:gray\\\\\\" class=\\\\\\"fa fa-sort\\\\\\" aria-hidden=\\\\\\"true\\\\\\"></span></div></th></tr></thead>\\""`;

exports[`ItemTableHeader sorts list on header click 5`] = `"\\"<thead><tr class=\\\\\\"primary\\\\\\"><th colSpan=\\\\\\"2\\\\\\"></th><th class=\\\\\\"item\\\\\\"><div class=\\\\\\"item\\\\\\"><span>Item</span><span style=\\\\\\"color:gray\\\\\\" class=\\\\\\"fa fa-sort-asc\\\\\\" aria-hidden=\\\\\\"true\\\\\\"></span></div></th><th class=\\\\\\"claimAndTarget\\\\\\"><div class=\\\\\\"claimAndTarget\\\\\\"><span>Claim/Target</span><span style=\\\\\\"color:gray\\\\\\" class=\\\\\\"fa fa-sort\\\\\\" aria-hidden=\\\\\\"true\\\\\\"></span></div></th><th class=\\\\\\"subject\\\\\\"><div class=\\\\\\"subject\\\\\\"><span>Subject</span><span style=\\\\\\"color:gray\\\\\\" class=\\\\\\"fa fa-sort\\\\\\" aria-hidden=\\\\\\"true\\\\\\"></span></div></th><th class=\\\\\\"grade\\\\\\"><div class=\\\\\\"grade\\\\\\"><span>Grade</span><span style=\\\\\\"color:gray\\\\\\" class=\\\\\\"fa fa-sort\\\\\\" aria-hidden=\\\\\\"true\\\\\\"></span></div></th><th class=\\\\\\"interactionType\\\\\\"><div class=\\\\\\"interactionType\\\\\\"><span>Item Type</span><span style=\\\\\\"color:gray\\\\\\" class=\\\\\\"fa fa-sort\\\\\\" aria-hidden=\\\\\\"true\\\\\\"></span></div></th></tr></thead>\\""`;

exports[`ItemTableHeader sorts list on header click 6`] = `"\\"<thead><tr class=\\\\\\"primary\\\\\\"><th colSpan=\\\\\\"2\\\\\\"></th><th class=\\\\\\"item\\\\\\"><div class=\\\\\\"item\\\\\\"><span>Item</span><span style=\\\\\\"color:gray\\\\\\" class=\\\\\\"fa fa-sort-asc\\\\\\" aria-hidden=\\\\\\"true\\\\\\"></span></div></th><th class=\\\\\\"claimAndTarget\\\\\\"><div class=\\\\\\"claimAndTarget\\\\\\"><span>Claim/Target</span><span style=\\\\\\"color:gray\\\\\\" class=\\\\\\"fa fa-sort\\\\\\" aria-hidden=\\\\\\"true\\\\\\"></span></div></th><th class=\\\\\\"subject\\\\\\"><div class=\\\\\\"subject\\\\\\"><span>Subject</span><span style=\\\\\\"color:gray\\\\\\" class=\\\\\\"fa fa-sort\\\\\\" aria-hidden=\\\\\\"true\\\\\\"></span></div></th><th class=\\\\\\"grade\\\\\\"><div class=\\\\\\"grade\\\\\\"><span>Grade</span><span style=\\\\\\"color:gray\\\\\\" class=\\\\\\"fa fa-sort\\\\\\" aria-hidden=\\\\\\"true\\\\\\"></span></div></th><th class=\\\\\\"interactionType\\\\\\"><div class=\\\\\\"interactionType\\\\\\"><span>Item Type</span><span style=\\\\\\"color:gray\\\\\\" class=\\\\\\"fa fa-sort\\\\\\" aria-hidden=\\\\\\"true\\\\\\"></span></div></th></tr></thead>\\""`;

exports[`ItemTableHeader sorts list on header click 7`] = `"\\"<thead><tr class=\\\\\\"primary\\\\\\"><th colSpan=\\\\\\"2\\\\\\"></th><th class=\\\\\\"item\\\\\\"><div class=\\\\\\"item\\\\\\"><span>Item</span><span style=\\\\\\"color:gray\\\\\\" class=\\\\\\"fa fa-sort-asc\\\\\\" aria-hidden=\\\\\\"true\\\\\\"></span></div></th><th class=\\\\\\"claimAndTarget\\\\\\"><div class=\\\\\\"claimAndTarget\\\\\\"><span>Claim/Target</span><span style=\\\\\\"color:gray\\\\\\" class=\\\\\\"fa fa-sort\\\\\\" aria-hidden=\\\\\\"true\\\\\\"></span></div></th><th class=\\\\\\"subject\\\\\\"><div class=\\\\\\"subject\\\\\\"><span>Subject</span><span style=\\\\\\"color:gray\\\\\\" class=\\\\\\"fa fa-sort\\\\\\" aria-hidden=\\\\\\"true\\\\\\"></span></div></th><th class=\\\\\\"grade\\\\\\"><div class=\\\\\\"grade\\\\\\"><span>Grade</span><span style=\\\\\\"color:gray\\\\\\" class=\\\\\\"fa fa-sort\\\\\\" aria-hidden=\\\\\\"true\\\\\\"></span></div></th><th class=\\\\\\"interactionType\\\\\\"><div class=\\\\\\"interactionType\\\\\\"><span>Item Type</span><span style=\\\\\\"color:gray\\\\\\" class=\\\\\\"fa fa-sort\\\\\\" aria-hidden=\\\\\\"true\\\\\\"></span></div></th></tr></thead>\\""`;

exports[`ItemTableHeader sorts list on header click 8`] = `"\\"<thead><tr class=\\\\\\"primary\\\\\\"><th colSpan=\\\\\\"2\\\\\\"></th><th class=\\\\\\"item\\\\\\"><div class=\\\\\\"item\\\\\\"><span>Item</span><span style=\\\\\\"color:gray\\\\\\" class=\\\\\\"fa fa-sort-asc\\\\\\" aria-hidden=\\\\\\"true\\\\\\"></span></div></th><th class=\\\\\\"claimAndTarget\\\\\\"><div class=\\\\\\"claimAndTarget\\\\\\"><span>Claim/Target</span><span style=\\\\\\"color:gray\\\\\\" class=\\\\\\"fa fa-sort\\\\\\" aria-hidden=\\\\\\"true\\\\\\"></span></div></th><th class=\\\\\\"subject\\\\\\"><div class=\\\\\\"subject\\\\\\"><span>Subject</span><span style=\\\\\\"color:gray\\\\\\" class=\\\\\\"fa fa-sort\\\\\\" aria-hidden=\\\\\\"true\\\\\\"></span></div></th><th class=\\\\\\"grade\\\\\\"><div class=\\\\\\"grade\\\\\\"><span>Grade</span><span style=\\\\\\"color:gray\\\\\\" class=\\\\\\"fa fa-sort\\\\\\" aria-hidden=\\\\\\"true\\\\\\"></span></div></th><th class=\\\\\\"interactionType\\\\\\"><div class=\\\\\\"interactionType\\\\\\"><span>Item Type</span><span style=\\\\\\"color:gray\\\\\\" class=\\\\\\"fa fa-sort\\\\\\" aria-hidden=\\\\\\"true\\\\\\"></span></div></th></tr></thead>\\""`;

exports[`ItemTableHeader sorts list on header click 9`] = `"\\"<thead><tr class=\\\\\\"primary\\\\\\"><th colSpan=\\\\\\"2\\\\\\"></th><th class=\\\\\\"item\\\\\\"><div class=\\\\\\"item\\\\\\"><span>Item</span><span style=\\\\\\"color:gray\\\\\\" class=\\\\\\"fa fa-sort-asc\\\\\\" aria-hidden=\\\\\\"true\\\\\\"></span></div></th><th class=\\\\\\"claimAndTarget\\\\\\"><div class=\\\\\\"claimAndTarget\\\\\\"><span>Claim/Target</span><span style=\\\\\\"color:gray\\\\\\" class=\\\\\\"fa fa-sort\\\\\\" aria-hidden=\\\\\\"true\\\\\\"></span></div></th><th class=\\\\\\"subject\\\\\\"><div class=\\\\\\"subject\\\\\\"><span>Subject</span><span style=\\\\\\"color:gray\\\\\\" class=\\\\\\"fa fa-sort\\\\\\" aria-hidden=\\\\\\"true\\\\\\"></span></div></th><th class=\\\\\\"grade\\\\\\"><div class=\\\\\\"grade\\\\\\"><span>Grade</span><span style=\\\\\\"color:gray\\\\\\" class=\\\\\\"fa fa-sort\\\\\\" aria-hidden=\\\\\\"true\\\\\\"></span></div></th><th class=\\\\\\"interactionType\\\\\\"><div class=\\\\\\"interactionType\\\\\\"><span>Item Type</span><span style=\\\\\\"color:gray\\\\\\" class=\\\\\\"fa fa-sort\\\\\\" aria-hidden=\\\\\\"true\\\\\\"></span></div></th></tr></thead>\\""`;

exports[`ItemTableHeader sorts list on header click 10`] = `"\\"<thead><tr class=\\\\\\"primary\\\\\\"><th colSpan=\\\\\\"2\\\\\\"></th><th class=\\\\\\"item\\\\\\"><div class=\\\\\\"item\\\\\\"><span>Item</span><span style=\\\\\\"color:gray\\\\\\" class=\\\\\\"fa fa-sort-asc\\\\\\" aria-hidden=\\\\\\"true\\\\\\"></span></div></th><th class=\\\\\\"claimAndTarget\\\\\\"><div class=\\\\\\"claimAndTarget\\\\\\"><span>Claim/Target</span><span style=\\\\\\"color:gray\\\\\\" class=\\\\\\"fa fa-sort\\\\\\" aria-hidden=\\\\\\"true\\\\\\"></span></div></th><th class=\\\\\\"subject\\\\\\"><div class=\\\\\\"subject\\\\\\"><span>Subject</span><span style=\\\\\\"color:gray\\\\\\" class=\\\\\\"fa fa-sort\\\\\\" aria-hidden=\\\\\\"true\\\\\\"></span></div></th><th class=\\\\\\"grade\\\\\\"><div class=\\\\\\"grade\\\\\\"><span>Grade</span><span style=\\\\\\"color:gray\\\\\\" class=\\\\\\"fa fa-sort\\\\\\" aria-hidden=\\\\\\"true\\\\\\"></span></div></th><th class=\\\\\\"interactionType\\\\\\"><div class=\\\\\\"interactionType\\\\\\"><span>Item Type</span><span style=\\\\\\"color:gray\\\\\\" class=\\\\\\"fa fa-sort\\\\\\" aria-hidden=\\\\\\"true\\\\\\"></span></div></th></tr></thead>\\""`;

exports[`ItemTableHeader sorts list on header click 11`] = `"\\"<thead><tr class=\\\\\\"primary\\\\\\"><th colSpan=\\\\\\"2\\\\\\"></th><th class=\\\\\\"item\\\\\\"><div class=\\\\\\"item\\\\\\"><span>Item</span><span style=\\\\\\"color:gray\\\\\\" class=\\\\\\"fa fa-sort-asc\\\\\\" aria-hidden=\\\\\\"true\\\\\\"></span></div></th><th class=\\\\\\"claimAndTarget\\\\\\"><div class=\\\\\\"claimAndTarget\\\\\\"><span>Claim/Target</span><span style=\\\\\\"color:gray\\\\\\" class=\\\\\\"fa fa-sort\\\\\\" aria-hidden=\\\\\\"true\\\\\\"></span></div></th><th class=\\\\\\"subject\\\\\\"><div class=\\\\\\"subject\\\\\\"><span>Subject</span><span style=\\\\\\"color:gray\\\\\\" class=\\\\\\"fa fa-sort\\\\\\" aria-hidden=\\\\\\"true\\\\\\"></span></div></th><th class=\\\\\\"grade\\\\\\"><div class=\\\\\\"grade\\\\\\"><span>Grade</span><span style=\\\\\\"color:gray\\\\\\" class=\\\\\\"fa fa-sort\\\\\\" aria-hidden=\\\\\\"true\\\\\\"></span></div></th><th class=\\\\\\"interactionType\\\\\\"><div class=\\\\\\"interactionType\\\\\\"><span>Item Type</span><span style=\\\\\\"color:gray\\\\\\" class=\\\\\\"fa fa-sort\\\\\\" aria-hidden=\\\\\\"true\\\\\\"></span></div></th></tr></thead>\\""`;

exports[`ItemTableHeader sorts list on header click 12`] = `"\\"<thead><tr class=\\\\\\"primary\\\\\\"><th colSpan=\\\\\\"2\\\\\\"></th><th class=\\\\\\"item\\\\\\"><div class=\\\\\\"item\\\\\\"><span>Item</span><span style=\\\\\\"color:gray\\\\\\" class=\\\\\\"fa fa-sort-asc\\\\\\" aria-hidden=\\\\\\"true\\\\\\"></span></div></th><th class=\\\\\\"claimAndTarget\\\\\\"><div class=\\\\\\"claimAndTarget\\\\\\"><span>Claim/Target</span><span style=\\\\\\"color:gray\\\\\\" class=\\\\\\"fa fa-sort\\\\\\" aria-hidden=\\\\\\"true\\\\\\"></span></div></th><th class=\\\\\\"subject\\\\\\"><div class=\\\\\\"subject\\\\\\"><span>Subject</span><span style=\\\\\\"color:gray\\\\\\" class=\\\\\\"fa fa-sort\\\\\\" aria-hidden=\\\\\\"true\\\\\\"></span></div></th><th class=\\\\\\"grade\\\\\\"><div class=\\\\\\"grade\\\\\\"><span>Grade</span><span style=\\\\\\"color:gray\\\\\\" class=\\\\\\"fa fa-sort\\\\\\" aria-hidden=\\\\\\"true\\\\\\"></span></div></th><th class=\\\\\\"interactionType\\\\\\"><div class=\\\\\\"interactionType\\\\\\"><span>Item Type</span><span style=\\\\\\"color:gray\\\\\\" class=\\\\\\"fa fa-sort\\\\\\" aria-hidden=\\\\\\"true\\\\\\"></span></div></th></tr></thead>\\""`;

exports[`ItemTableHeader sorts list on header click 13`] = `"\\"<thead><tr class=\\\\\\"primary\\\\\\"><th colSpan=\\\\\\"2\\\\\\"></th><th class=\\\\\\"item\\\\\\"><div class=\\\\\\"item\\\\\\"><span>Item</span><span style=\\\\\\"color:gray\\\\\\" class=\\\\\\"fa fa-sort-asc\\\\\\" aria-hidden=\\\\\\"true\\\\\\"></span></div></th><th class=\\\\\\"claimAndTarget\\\\\\"><div class=\\\\\\"claimAndTarget\\\\\\"><span>Claim/Target</span><span style=\\\\\\"color:gray\\\\\\" class=\\\\\\"fa fa-sort\\\\\\" aria-hidden=\\\\\\"true\\\\\\"></span></div></th><th class=\\\\\\"subject\\\\\\"><div class=\\\\\\"subject\\\\\\"><span>Subject</span><span style=\\\\\\"color:gray\\\\\\" class=\\\\\\"fa fa-sort\\\\\\" aria-hidden=\\\\\\"true\\\\\\"></span></div></th><th class=\\\\\\"grade\\\\\\"><div class=\\\\\\"grade\\\\\\"><span>Grade</span><span style=\\\\\\"color:gray\\\\\\" class=\\\\\\"fa fa-sort\\\\\\" aria-hidden=\\\\\\"true\\\\\\"></span></div></th><th class=\\\\\\"interactionType\\\\\\"><div class=\\\\\\"interactionType\\\\\\"><span>Item Type</span><span style=\\\\\\"color:gray\\\\\\" class=\\\\\\"fa fa-sort\\\\\\" aria-hidden=\\\\\\"true\\\\\\"></span></div></th></tr></thead>\\""`;

exports[`ItemTableHeader sorts list on header click 14`] = `"\\"<thead><tr class=\\\\\\"primary\\\\\\"><th colSpan=\\\\\\"2\\\\\\"></th><th class=\\\\\\"item\\\\\\"><div class=\\\\\\"item\\\\\\"><span>Item</span><span style=\\\\\\"color:gray\\\\\\" class=\\\\\\"fa fa-sort-asc\\\\\\" aria-hidden=\\\\\\"true\\\\\\"></span></div></th><th class=\\\\\\"claimAndTarget\\\\\\"><div class=\\\\\\"claimAndTarget\\\\\\"><span>Claim/Target</span><span style=\\\\\\"color:gray\\\\\\" class=\\\\\\"fa fa-sort\\\\\\" aria-hidden=\\\\\\"true\\\\\\"></span></div></th><th class=\\\\\\"subject\\\\\\"><div class=\\\\\\"subject\\\\\\"><span>Subject</span><span style=\\\\\\"color:gray\\\\\\" class=\\\\\\"fa fa-sort\\\\\\" aria-hidden=\\\\\\"true\\\\\\"></span></div></th><th class=\\\\\\"grade\\\\\\"><div class=\\\\\\"grade\\\\\\"><span>Grade</span><span style=\\\\\\"color:gray\\\\\\" class=\\\\\\"fa fa-sort\\\\\\" aria-hidden=\\\\\\"true\\\\\\"></span></div></th><th class=\\\\\\"interactionType\\\\\\"><div class=\\\\\\"interactionType\\\\\\"><span>Item Type</span><span style=\\\\\\"color:gray\\\\\\" class=\\\\\\"fa fa-sort\\\\\\" aria-hidden=\\\\\\"true\\\\\\"></span></div></th></tr></thead>\\""`;

exports[`ItemTableHeader sorts list on header click 15`] = `"\\"<thead><tr class=\\\\\\"primary\\\\\\"><th colSpan=\\\\\\"2\\\\\\"></th><th class=\\\\\\"item\\\\\\"><div class=\\\\\\"item\\\\\\"><span>Item</span><span style=\\\\\\"color:gray\\\\\\" class=\\\\\\"fa fa-sort-asc\\\\\\" aria-hidden=\\\\\\"true\\\\\\"></span></div></th><th class=\\\\\\"claimAndTarget\\\\\\"><div class=\\\\\\"claimAndTarget\\\\\\"><span>Claim/Target</span><span style=\\\\\\"color:gray\\\\\\" class=\\\\\\"fa fa-sort\\\\\\" aria-hidden=\\\\\\"true\\\\\\"></span></div></th><th class=\\\\\\"subject\\\\\\"><div class=\\\\\\"subject\\\\\\"><span>Subject</span><span style=\\\\\\"color:gray\\\\\\" class=\\\\\\"fa fa-sort\\\\\\" aria-hidden=\\\\\\"true\\\\\\"></span></div></th><th class=\\\\\\"grade\\\\\\"><div class=\\\\\\"grade\\\\\\"><span>Grade</span><span style=\\\\\\"color:gray\\\\\\" class=\\\\\\"fa fa-sort\\\\\\" aria-hidden=\\\\\\"true\\\\\\"></span></div></th><th class=\\\\\\"interactionType\\\\\\"><div class=\\\\\\"interactionType\\\\\\"><span>Item Type</span><span style=\\\\\\"color:gray\\\\\\" class=\\\\\\"fa fa-sort\\\\\\" aria-hidden=\\\\\\"true\\\\\\"></span></div></th></tr></thead>\\""`;
