// Jest Snapshot v1, https://goo.gl/fbAQLP

exports[`ItemTable matches snapshot 1`] = `<tbody />`;
