// Jest Snapshot v1, https://goo.gl/fbAQLP

exports[`ToolTip displays help when hovered 1`] = `
<div
  className="tool-tip-links"
  tabIndex={0}
>
  <span
    className="tool-tip-hoverable"
  >
    Sample text
     
    <span
      aria-hidden="true"
      className="fa fa-info-circle fa-sm"
    />
  </span>
  <div
    className="tool-tip-details"
  >
    <div
      className="tool-tip-message top undefined"
    >
      <p>
        test
      </p>
    </div>
  </div>
</div>
`;

exports[`ToolTip matches snapshot 1`] = `
<div
  className="tool-tip-links"
  tabIndex={0}
>
  <span
    className="tool-tip-hoverable"
  >
    Sample text
     
    <span
      aria-hidden="true"
      className="fa fa-info-circle fa-sm"
    />
  </span>
  <div
    className="tool-tip-details"
  >
    <div
      className="tool-tip-message top undefined"
    >
      <p>
        test
      </p>
    </div>
  </div>
</div>
`;
