// Jest Snapshot v1, https://goo.gl/fbAQLP

exports[`ItemInformation matches snapshot 1`] = `
ShallowWrapper {
  "complexSelector": ComplexSelector {
    "buildPredicate": [Function],
    "childrenOfNode": [Function],
    "findWhereUnwrapped": [Function],
  },
  "length": 1,
  "node": <div
    aria-hidden="true"
    aria-labelledby="About Item Modal"
    className="modal fade"
    id="about-item-modal-container"
    role="dialog"
    tabIndex={-1}
>
    <div
        className="modal-dialog about-item-modal"
        role="document"
    >
        <div
            className="modal-content"
        >
            <div
                className="modal-header"
            >
                <button
                    aria-label="Close"
                    className="close"
                    data-dismiss="modal"
                    type="button"
                >
                    <span
                        aria-hidden="true"
                    >
                        ×
                    </span>
                </button>
                <h4
                    className="modal-title"
                >
                    About This Item
                </h4>
            </div>
            <div
                className="modal-body"
            >
                <ItemInformationDetail
                    commonCoreStandardsDescription=""
                    depthOfKnowledge=""
                    educationalDifficulty=""
                    evidenceStatement=""
                    itemCardViewModel={
                        Object {
                            "bankKey": 1,
                            "claimCode": "claim_1234",
                            "claimLabel": "claim_math",
                            "grade": 1,
                            "gradeLabel": "1",
                            "interactionTypeCode": "type01",
                            "interactionTypeLabel": "type01label",
                            "isPerformanceItem": false,
                            "itemKey": 123,
                            "subjectCode": "Math",
                            "subjectLabel": "MTH",
                            "target": "",
                            "title": "test_title",
                          }
                    }
                    targetDescription=""
                />
            </div>
            <div
                className="modal-footer"
            >
                <button
                    className="btn btn-primary"
                    data-dismiss="modal"
                    form="accessibility-form"
                >
                    Close
                </button>
            </div>
        </div>
    </div>
    ;
</div>,
  "nodes": Array [
    <div
      aria-hidden="true"
      aria-labelledby="About Item Modal"
      className="modal fade"
      id="about-item-modal-container"
      role="dialog"
      tabIndex={-1}
>
      <div
            className="modal-dialog about-item-modal"
            role="document"
      >
            <div
                  className="modal-content"
            >
                  <div
                        className="modal-header"
                  >
                        <button
                              aria-label="Close"
                              className="close"
                              data-dismiss="modal"
                              type="button"
                        >
                              <span
                                    aria-hidden="true"
                              >
                                    ×
                              </span>
                        </button>
                        <h4
                              className="modal-title"
                        >
                              About This Item
                        </h4>
                  </div>
                  <div
                        className="modal-body"
                  >
                        <ItemInformationDetail
                              commonCoreStandardsDescription=""
                              depthOfKnowledge=""
                              educationalDifficulty=""
                              evidenceStatement=""
                              itemCardViewModel={
                                    Object {
                                          "bankKey": 1,
                                          "claimCode": "claim_1234",
                                          "claimLabel": "claim_math",
                                          "grade": 1,
                                          "gradeLabel": "1",
                                          "interactionTypeCode": "type01",
                                          "interactionTypeLabel": "type01label",
                                          "isPerformanceItem": false,
                                          "itemKey": 123,
                                          "subjectCode": "Math",
                                          "subjectLabel": "MTH",
                                          "target": "",
                                          "title": "test_title",
                                        }
                              }
                              targetDescription=""
                        />
                  </div>
                  <div
                        className="modal-footer"
                  >
                        <button
                              className="btn btn-primary"
                              data-dismiss="modal"
                              form="accessibility-form"
                        >
                              Close
                        </button>
                  </div>
            </div>
      </div>
      ;
</div>,
  ],
  "options": Object {},
  "renderer": ReactShallowRenderer {
    "_instance": ShallowComponentWrapper {
      "_calledComponentWillUnmount": false,
      "_compositeType": 0,
      "_context": Object {},
      "_currentElement": <ItemInformation
        commonCoreStandardsDescription=""
        depthOfKnowledge=""
        educationalDifficulty=""
        evidenceStatement=""
        itemCardViewModel={
                Object {
                        "bankKey": 1,
                        "claimCode": "claim_1234",
                        "claimLabel": "claim_math",
                        "grade": 1,
                        "gradeLabel": "1",
                        "interactionTypeCode": "type01",
                        "interactionTypeLabel": "type01label",
                        "isPerformanceItem": false,
                        "itemKey": 123,
                        "subjectCode": "Math",
                        "subjectLabel": "MTH",
                        "target": "",
                        "title": "test_title",
                      }
        }
        targetDescription=""
/>,
      "_debugID": 1,
      "_hostContainerInfo": null,
      "_hostParent": null,
      "_instance": ItemInformation {
        "_reactInternalInstance": [Circular],
        "context": Object {},
        "props": Object {
          "commonCoreStandardsDescription": "",
          "depthOfKnowledge": "",
          "educationalDifficulty": "",
          "evidenceStatement": "",
          "itemCardViewModel": Object {
            "bankKey": 1,
            "claimCode": "claim_1234",
            "claimLabel": "claim_math",
            "grade": 1,
            "gradeLabel": "1",
            "interactionTypeCode": "type01",
            "interactionTypeLabel": "type01label",
            "isPerformanceItem": false,
            "itemKey": 123,
            "subjectCode": "Math",
            "subjectLabel": "MTH",
            "target": "",
            "title": "test_title",
          },
          "targetDescription": "",
        },
        "refs": Object {},
        "state": null,
        "updater": Object {
          "enqueueCallback": [Function],
          "enqueueCallbackInternal": [Function],
          "enqueueElementInternal": [Function],
          "enqueueForceUpdate": [Function],
          "enqueueReplaceState": [Function],
          "enqueueSetState": [Function],
          "isMounted": [Function],
          "validateCallback": [Function],
        },
      },
      "_mountOrder": 1,
      "_pendingCallbacks": null,
      "_pendingElement": null,
      "_pendingForceUpdate": false,
      "_pendingReplaceState": false,
      "_pendingStateQueue": null,
      "_renderedComponent": NoopInternalComponent {
        "_currentElement": <div
          aria-hidden="true"
          aria-labelledby="About Item Modal"
          className="modal fade"
          id="about-item-modal-container"
          role="dialog"
          tabIndex={-1}
>
          <div
                    className="modal-dialog about-item-modal"
                    role="document"
          >
                    <div
                              className="modal-content"
                    >
                              <div
                                        className="modal-header"
                              >
                                        <button
                                                  aria-label="Close"
                                                  className="close"
                                                  data-dismiss="modal"
                                                  type="button"
                                        >
                                                  <span
                                                            aria-hidden="true"
                                                  >
                                                            ×
                                                  </span>
                                        </button>
                                        <h4
                                                  className="modal-title"
                                        >
                                                  About This Item
                                        </h4>
                              </div>
                              <div
                                        className="modal-body"
                              >
                                        <ItemInformationDetail
                                                  commonCoreStandardsDescription=""
                                                  depthOfKnowledge=""
                                                  educationalDifficulty=""
                                                  evidenceStatement=""
                                                  itemCardViewModel={
                                                            Object {
                                                                      "bankKey": 1,
                                                                      "claimCode": "claim_1234",
                                                                      "claimLabel": "claim_math",
                                                                      "grade": 1,
                                                                      "gradeLabel": "1",
                                                                      "interactionTypeCode": "type01",
                                                                      "interactionTypeLabel": "type01label",
                                                                      "isPerformanceItem": false,
                                                                      "itemKey": 123,
                                                                      "subjectCode": "Math",
                                                                      "subjectLabel": "MTH",
                                                                      "target": "",
                                                                      "title": "test_title",
                                                                    }
                                                  }
                                                  targetDescription=""
                                        />
                              </div>
                              <div
                                        className="modal-footer"
                              >
                                        <button
                                                  className="btn btn-primary"
                                                  data-dismiss="modal"
                                                  form="accessibility-form"
                                        >
                                                  Close
                                        </button>
                              </div>
                    </div>
          </div>
          ;
</div>,
        "_debugID": 2,
        "_renderedOutput": <div
          aria-hidden="true"
          aria-labelledby="About Item Modal"
          className="modal fade"
          id="about-item-modal-container"
          role="dialog"
          tabIndex={-1}
>
          <div
                    className="modal-dialog about-item-modal"
                    role="document"
          >
                    <div
                              className="modal-content"
                    >
                              <div
                                        className="modal-header"
                              >
                                        <button
                                                  aria-label="Close"
                                                  className="close"
                                                  data-dismiss="modal"
                                                  type="button"
                                        >
                                                  <span
                                                            aria-hidden="true"
                                                  >
                                                            ×
                                                  </span>
                                        </button>
                                        <h4
                                                  className="modal-title"
                                        >
                                                  About This Item
                                        </h4>
                              </div>
                              <div
                                        className="modal-body"
                              >
                                        <ItemInformationDetail
                                                  commonCoreStandardsDescription=""
                                                  depthOfKnowledge=""
                                                  educationalDifficulty=""
                                                  evidenceStatement=""
                                                  itemCardViewModel={
                                                            Object {
                                                                      "bankKey": 1,
                                                                      "claimCode": "claim_1234",
                                                                      "claimLabel": "claim_math",
                                                                      "grade": 1,
                                                                      "gradeLabel": "1",
                                                                      "interactionTypeCode": "type01",
                                                                      "interactionTypeLabel": "type01label",
                                                                      "isPerformanceItem": false,
                                                                      "itemKey": 123,
                                                                      "subjectCode": "Math",
                                                                      "subjectLabel": "MTH",
                                                                      "target": "",
                                                                      "title": "test_title",
                                                                    }
                                                  }
                                                  targetDescription=""
                                        />
                              </div>
                              <div
                                        className="modal-footer"
                              >
                                        <button
                                                  className="btn btn-primary"
                                                  data-dismiss="modal"
                                                  form="accessibility-form"
                                        >
                                                  Close
                                        </button>
                              </div>
                    </div>
          </div>
          ;
</div>,
      },
      "_renderedNodeType": 0,
      "_rootNodeID": 0,
      "_topLevelWrapper": null,
      "_updateBatchNumber": null,
      "_warnedAboutRefsInRender": false,
    },
    "getRenderOutput": [Function],
    "render": [Function],
  },
  "root": [Circular],
  "unrendered": <ItemInformation
    commonCoreStandardsDescription=""
    depthOfKnowledge=""
    educationalDifficulty=""
    evidenceStatement=""
    itemCardViewModel={
        Object {
            "bankKey": 1,
            "claimCode": "claim_1234",
            "claimLabel": "claim_math",
            "grade": 1,
            "gradeLabel": "1",
            "interactionTypeCode": "type01",
            "interactionTypeLabel": "type01label",
            "isPerformanceItem": false,
            "itemKey": 123,
            "subjectCode": "Math",
            "subjectLabel": "MTH",
            "target": "",
            "title": "test_title",
          }
    }
    targetDescription=""
/>,
}
`;
