// Jest Snapshot v1, https://goo.gl/fbAQLP

exports[`ItemViewerFrame matches snapshot 1`] = `
ShallowWrapper {
  "complexSelector": ComplexSelector {
    "buildPredicate": [Function],
    "childrenOfNode": [Function],
    "findWhereUnwrapped": [Function],
  },
  "length": 1,
  "node": <div
    className="itemViewerFrame"
    tabIndex={0}
>
    <div
        className="itemviewer-iframe-spinner"
    >
        <img
            src="/images/spin-large.gif"
        />
    </div>
    <iframe
        className="itemviewer-iframe"
        id="itemviewer-iframe"
        onLoad={[Function]}
        onLoadStart={[Function]}
        src="http://test.com"
    />
</div>,
  "nodes": Array [
    <div
      className="itemViewerFrame"
      tabIndex={0}
>
      <div
            className="itemviewer-iframe-spinner"
      >
            <img
                  src="/images/spin-large.gif"
            />
      </div>
      <iframe
            className="itemviewer-iframe"
            id="itemviewer-iframe"
            onLoad={[Function]}
            onLoadStart={[Function]}
            src="http://test.com"
      />
</div>,
  ],
  "options": Object {},
  "renderer": ReactShallowRenderer {
    "_instance": ShallowComponentWrapper {
      "_calledComponentWillUnmount": false,
      "_compositeType": 0,
      "_context": Object {},
      "_currentElement": <ItemFrame
        loading={false}
        url="http://test.com"
/>,
      "_debugID": 1,
      "_hostContainerInfo": null,
      "_hostParent": null,
      "_instance": ItemFrame {
        "_reactInternalInstance": [Circular],
        "context": Object {},
        "finishLoad": [Function],
        "props": Object {
          "loading": false,
          "url": "http://test.com",
        },
        "refs": Object {},
        "startLoad": [Function],
        "state": Object {
          "loading": true,
        },
        "updater": Object {
          "enqueueCallback": [Function],
          "enqueueCallbackInternal": [Function],
          "enqueueElementInternal": [Function],
          "enqueueForceUpdate": [Function],
          "enqueueReplaceState": [Function],
          "enqueueSetState": [Function],
          "isMounted": [Function],
          "validateCallback": [Function],
        },
      },
      "_mountOrder": 1,
      "_pendingCallbacks": null,
      "_pendingElement": null,
      "_pendingForceUpdate": false,
      "_pendingReplaceState": false,
      "_pendingStateQueue": null,
      "_renderedComponent": NoopInternalComponent {
        "_currentElement": <div
          className="itemViewerFrame"
          tabIndex={0}
>
          <div
                    className="itemviewer-iframe-spinner"
          >
                    <img
                              src="/images/spin-large.gif"
                    />
          </div>
          <iframe
                    className="itemviewer-iframe"
                    id="itemviewer-iframe"
                    onLoad={[Function]}
                    onLoadStart={[Function]}
                    src="http://test.com"
          />
</div>,
        "_debugID": 2,
        "_renderedOutput": <div
          className="itemViewerFrame"
          tabIndex={0}
>
          <div
                    className="itemviewer-iframe-spinner"
          >
                    <img
                              src="/images/spin-large.gif"
                    />
          </div>
          <iframe
                    className="itemviewer-iframe"
                    id="itemviewer-iframe"
                    onLoad={[Function]}
                    onLoadStart={[Function]}
                    src="http://test.com"
          />
</div>,
      },
      "_renderedNodeType": 0,
      "_rootNodeID": 0,
      "_topLevelWrapper": null,
      "_updateBatchNumber": null,
      "_warnedAboutRefsInRender": false,
    },
    "getRenderOutput": [Function],
    "render": [Function],
  },
  "root": [Circular],
  "unrendered": <ItemFrame
    loading={false}
    url="http://test.com"
/>,
}
`;
