// Jest Snapshot v1, https://goo.gl/fbAQLP

exports[`EvidenceStatement matches snapshot 1`] = `
<div
  dangerouslySetInnerHTML={
    Object {
      "__html": "",
    }
  }
/>
`;
