// Jest Snapshot v1, https://goo.gl/fbAQLP

exports[`PdfComponent matches snapshot 1`] = `
<html>
  <head>
    <meta
      charSet="UTF-8"
    />
    <link
      href="http://example.com/style.css"
      rel="stylesheet"
    />
    <link
      href="http://example.com/Shared/CSS/Universal/items.css"
      rel="stylesheet"
    />
    <link
      href="http://example.com/Projects/SBAC/css/modernItems.css"
      rel="stylesheet"
    />
  </head>
  <body>
    <CoverPage
      grade="3"
      subject="math"
    />
    <ItemViewContainer
      itemData={
        Object {
          "passage": null,
          "questions": Array [
            Object {
              "data": Object {
                "associatedItems": "string",
                "commonCoreStandardsDescription": "string",
                "depthOfKnowledge": "string",
                "educationalDifficulty": "string",
                "evidenceStatement": "string",
                "itemCardViewModel": Object {
                  "bankKey": 1,
                  "claimCode": "234536",
                  "claimLabel": "Math Claim",
                  "commonCoreStandardId": "",
                  "depthOfKnowledge": "",
                  "domain": "MATH",
                  "grade": 8,
                  "gradeLabel": "grade 3",
                  "interactionTypeCode": "",
                  "interactionTypeLabel": "",
                  "isPerformanceItem": false,
                  "itemKey": 1,
                  "subjectCode": "MATH",
                  "subjectLabel": "math",
                  "targetHash": 212,
                  "targetId": "23463467",
                  "targetShortName": "1-3",
                  "title": "",
                },
                "rubrics": Array [
                  Object {
                    "language": "english",
                    "rubricEntries": Array [
                      Object {
                        "name": "",
                        "scorepoint": "",
                        "value": "",
                      },
                    ],
                    "samples": Array [
                      Object {
                        "maxValue": "",
                        "minValue": "",
                        "sampleResponses": Array [
                          Object {
                            "name": "",
                            "purpose": "",
                            "sampleContent": "",
                            "scorePoint": "",
                          },
                        ],
                      },
                    ],
                  },
                ],
                "targetDescription": "string",
              },
              "id": "12334",
              "questionNumber": 1,
              "view": Object {
                "captured": true,
                "html": null,
                "id": "12334",
                "picturePath": null,
                "type": 1,
              },
            },
          ],
        }
      }
      key="12334"
    />
  </body>
</html>
`;
