// Jest Snapshot v1, https://goo.gl/fbAQLP

exports[`ItemInformation matches snapshot 1`] = `
ShallowWrapper {
  "length": 1,
  Symbol(enzyme.__root__): [Circular],
  Symbol(enzyme.__unrendered__): <ItemInformation
    commonCoreStandardsDescription=""
    depthOfKnowledge=""
    educationalDifficulty=""
    evidenceStatement=""
    itemCardViewModel={
      Object {
        "bankKey": 1,
        "claimCode": "claim_1234",
        "claimLabel": "claim_math",
        "grade": 1,
        "gradeLabel": "1",
        "interactionTypeCode": "type01",
        "interactionTypeLabel": "type01label",
        "isPerformanceItem": false,
        "itemKey": 123,
        "subjectCode": "Math",
        "subjectLabel": "MTH",
        "target": "",
        "title": "test_title",
      }
    }
    targetDescription=""
  />,
  Symbol(enzyme.__renderer__): Object {
    "batchedUpdates": [Function],
    "getNode": [Function],
    "render": [Function],
    "simulateEvent": [Function],
    "unmount": [Function],
  },
  Symbol(enzyme.__node__): Object {
    "instance": null,
    "key": null,
    "nodeType": "host",
    "props": Object {
      "aria-hidden": "true",
      "aria-labelledby": "About Item Modal",
      "children": Array [
        <div
          className="modal-dialog about-item-modal"
          role="document"
        >
          <div
            className="modal-content"
          >
            <div
              className="modal-header"
            >
              <button
                aria-label="Close"
                className="close"
                data-dismiss="modal"
                type="button"
              >
                <span
                  aria-hidden="true"
                >
                  ×
                </span>
              </button>
              <h4
                className="modal-title"
              >
                About This Item
              </h4>
            </div>
            <div
              className="modal-body"
            >
              <ItemInformationDetail
                commonCoreStandardsDescription=""
                depthOfKnowledge=""
                educationalDifficulty=""
                evidenceStatement=""
                itemCardViewModel={
                  Object {
                    "bankKey": 1,
                    "claimCode": "claim_1234",
                    "claimLabel": "claim_math",
                    "grade": 1,
                    "gradeLabel": "1",
                    "interactionTypeCode": "type01",
                    "interactionTypeLabel": "type01label",
                    "isPerformanceItem": false,
                    "itemKey": 123,
                    "subjectCode": "Math",
                    "subjectLabel": "MTH",
                    "target": "",
                    "title": "test_title",
                  }
                }
                targetDescription=""
              />
            </div>
            <div
              className="modal-footer"
            >
              <button
                className="btn btn-primary"
                data-dismiss="modal"
                form="accessibility-form"
              >
                Close
              </button>
            </div>
          </div>
        </div>,
        ";",
      ],
      "className": "modal fade",
      "id": "about-item-modal-container",
      "role": "dialog",
      "tabIndex": -1,
    },
    "ref": null,
    "rendered": Array [
      Object {
        "instance": null,
        "key": null,
        "nodeType": "host",
        "props": Object {
          "children": <div
            className="modal-content"
          >
            <div
              className="modal-header"
            >
              <button
                aria-label="Close"
                className="close"
                data-dismiss="modal"
                type="button"
              >
                <span
                  aria-hidden="true"
                >
                  ×
                </span>
              </button>
              <h4
                className="modal-title"
              >
                About This Item
              </h4>
            </div>
            <div
              className="modal-body"
            >
              <ItemInformationDetail
                commonCoreStandardsDescription=""
                depthOfKnowledge=""
                educationalDifficulty=""
                evidenceStatement=""
                itemCardViewModel={
                  Object {
                    "bankKey": 1,
                    "claimCode": "claim_1234",
                    "claimLabel": "claim_math",
                    "grade": 1,
                    "gradeLabel": "1",
                    "interactionTypeCode": "type01",
                    "interactionTypeLabel": "type01label",
                    "isPerformanceItem": false,
                    "itemKey": 123,
                    "subjectCode": "Math",
                    "subjectLabel": "MTH",
                    "target": "",
                    "title": "test_title",
                  }
                }
                targetDescription=""
              />
            </div>
            <div
              className="modal-footer"
            >
              <button
                className="btn btn-primary"
                data-dismiss="modal"
                form="accessibility-form"
              >
                Close
              </button>
            </div>
          </div>,
          "className": "modal-dialog about-item-modal",
          "role": "document",
        },
        "ref": null,
        "rendered": Object {
          "instance": null,
          "key": null,
          "nodeType": "host",
          "props": Object {
            "children": Array [
              <div
                className="modal-header"
              >
                <button
                  aria-label="Close"
                  className="close"
                  data-dismiss="modal"
                  type="button"
                >
                  <span
                    aria-hidden="true"
                  >
                    ×
                  </span>
                </button>
                <h4
                  className="modal-title"
                >
                  About This Item
                </h4>
              </div>,
              <div
                className="modal-body"
              >
                <ItemInformationDetail
                  commonCoreStandardsDescription=""
                  depthOfKnowledge=""
                  educationalDifficulty=""
                  evidenceStatement=""
                  itemCardViewModel={
                    Object {
                      "bankKey": 1,
                      "claimCode": "claim_1234",
                      "claimLabel": "claim_math",
                      "grade": 1,
                      "gradeLabel": "1",
                      "interactionTypeCode": "type01",
                      "interactionTypeLabel": "type01label",
                      "isPerformanceItem": false,
                      "itemKey": 123,
                      "subjectCode": "Math",
                      "subjectLabel": "MTH",
                      "target": "",
                      "title": "test_title",
                    }
                  }
                  targetDescription=""
                />
              </div>,
              <div
                className="modal-footer"
              >
                <button
                  className="btn btn-primary"
                  data-dismiss="modal"
                  form="accessibility-form"
                >
                  Close
                </button>
              </div>,
            ],
            "className": "modal-content",
          },
          "ref": null,
          "rendered": Array [
            Object {
              "instance": null,
              "key": null,
              "nodeType": "host",
              "props": Object {
                "children": Array [
                  <button
                    aria-label="Close"
                    className="close"
                    data-dismiss="modal"
                    type="button"
                  >
                    <span
                      aria-hidden="true"
                    >
                      ×
                    </span>
                  </button>,
                  <h4
                    className="modal-title"
                  >
                    About This Item
                  </h4>,
                ],
                "className": "modal-header",
              },
              "ref": null,
              "rendered": Array [
                Object {
                  "instance": null,
                  "key": null,
                  "nodeType": "host",
                  "props": Object {
                    "aria-label": "Close",
                    "children": <span
                      aria-hidden="true"
                    >
                      ×
                    </span>,
                    "className": "close",
                    "data-dismiss": "modal",
                    "type": "button",
                  },
                  "ref": null,
                  "rendered": Object {
                    "instance": null,
                    "key": null,
                    "nodeType": "host",
                    "props": Object {
                      "aria-hidden": "true",
                      "children": "×",
                    },
                    "ref": null,
                    "rendered": "×",
                    "type": "span",
                  },
                  "type": "button",
                },
                Object {
                  "instance": null,
                  "key": null,
                  "nodeType": "host",
                  "props": Object {
                    "children": "About This Item",
                    "className": "modal-title",
                  },
                  "ref": null,
                  "rendered": "About This Item",
                  "type": "h4",
                },
              ],
              "type": "div",
            },
            Object {
              "instance": null,
              "key": null,
              "nodeType": "host",
              "props": Object {
                "children": <ItemInformationDetail
                  commonCoreStandardsDescription=""
                  depthOfKnowledge=""
                  educationalDifficulty=""
                  evidenceStatement=""
                  itemCardViewModel={
                    Object {
                      "bankKey": 1,
                      "claimCode": "claim_1234",
                      "claimLabel": "claim_math",
                      "grade": 1,
                      "gradeLabel": "1",
                      "interactionTypeCode": "type01",
                      "interactionTypeLabel": "type01label",
                      "isPerformanceItem": false,
                      "itemKey": 123,
                      "subjectCode": "Math",
                      "subjectLabel": "MTH",
                      "target": "",
                      "title": "test_title",
                    }
                  }
                  targetDescription=""
                />,
                "className": "modal-body",
              },
              "ref": null,
              "rendered": Object {
                "instance": null,
                "key": null,
                "nodeType": "class",
                "props": Object {
                  "commonCoreStandardsDescription": "",
                  "depthOfKnowledge": "",
                  "educationalDifficulty": "",
                  "evidenceStatement": "",
                  "itemCardViewModel": Object {
                    "bankKey": 1,
                    "claimCode": "claim_1234",
                    "claimLabel": "claim_math",
                    "grade": 1,
                    "gradeLabel": "1",
                    "interactionTypeCode": "type01",
                    "interactionTypeLabel": "type01label",
                    "isPerformanceItem": false,
                    "itemKey": 123,
                    "subjectCode": "Math",
                    "subjectLabel": "MTH",
                    "target": "",
                    "title": "test_title",
                  },
                  "targetDescription": "",
                },
                "ref": null,
                "rendered": null,
                "type": [Function],
              },
              "type": "div",
            },
            Object {
              "instance": null,
              "key": null,
              "nodeType": "host",
              "props": Object {
                "children": <button
                  className="btn btn-primary"
                  data-dismiss="modal"
                  form="accessibility-form"
                >
                  Close
                </button>,
                "className": "modal-footer",
              },
              "ref": null,
              "rendered": Object {
                "instance": null,
                "key": null,
                "nodeType": "host",
                "props": Object {
                  "children": "Close",
                  "className": "btn btn-primary",
                  "data-dismiss": "modal",
                  "form": "accessibility-form",
                },
                "ref": null,
                "rendered": "Close",
                "type": "button",
              },
              "type": "div",
            },
          ],
          "type": "div",
        },
        "type": "div",
      },
      ";",
    ],
    "type": "div",
  },
  Symbol(enzyme.__nodes__): Array [
    Object {
      "instance": null,
      "key": null,
      "nodeType": "host",
      "props": Object {
        "aria-hidden": "true",
        "aria-labelledby": "About Item Modal",
        "children": Array [
          <div
            className="modal-dialog about-item-modal"
            role="document"
          >
            <div
              className="modal-content"
            >
              <div
                className="modal-header"
              >
                <button
                  aria-label="Close"
                  className="close"
                  data-dismiss="modal"
                  type="button"
                >
                  <span
                    aria-hidden="true"
                  >
                    ×
                  </span>
                </button>
                <h4
                  className="modal-title"
                >
                  About This Item
                </h4>
              </div>
              <div
                className="modal-body"
              >
                <ItemInformationDetail
                  commonCoreStandardsDescription=""
                  depthOfKnowledge=""
                  educationalDifficulty=""
                  evidenceStatement=""
                  itemCardViewModel={
                    Object {
                      "bankKey": 1,
                      "claimCode": "claim_1234",
                      "claimLabel": "claim_math",
                      "grade": 1,
                      "gradeLabel": "1",
                      "interactionTypeCode": "type01",
                      "interactionTypeLabel": "type01label",
                      "isPerformanceItem": false,
                      "itemKey": 123,
                      "subjectCode": "Math",
                      "subjectLabel": "MTH",
                      "target": "",
                      "title": "test_title",
                    }
                  }
                  targetDescription=""
                />
              </div>
              <div
                className="modal-footer"
              >
                <button
                  className="btn btn-primary"
                  data-dismiss="modal"
                  form="accessibility-form"
                >
                  Close
                </button>
              </div>
            </div>
          </div>,
          ";",
        ],
        "className": "modal fade",
        "id": "about-item-modal-container",
        "role": "dialog",
        "tabIndex": -1,
      },
      "ref": null,
      "rendered": Array [
        Object {
          "instance": null,
          "key": null,
          "nodeType": "host",
          "props": Object {
            "children": <div
              className="modal-content"
            >
              <div
                className="modal-header"
              >
                <button
                  aria-label="Close"
                  className="close"
                  data-dismiss="modal"
                  type="button"
                >
                  <span
                    aria-hidden="true"
                  >
                    ×
                  </span>
                </button>
                <h4
                  className="modal-title"
                >
                  About This Item
                </h4>
              </div>
              <div
                className="modal-body"
              >
                <ItemInformationDetail
                  commonCoreStandardsDescription=""
                  depthOfKnowledge=""
                  educationalDifficulty=""
                  evidenceStatement=""
                  itemCardViewModel={
                    Object {
                      "bankKey": 1,
                      "claimCode": "claim_1234",
                      "claimLabel": "claim_math",
                      "grade": 1,
                      "gradeLabel": "1",
                      "interactionTypeCode": "type01",
                      "interactionTypeLabel": "type01label",
                      "isPerformanceItem": false,
                      "itemKey": 123,
                      "subjectCode": "Math",
                      "subjectLabel": "MTH",
                      "target": "",
                      "title": "test_title",
                    }
                  }
                  targetDescription=""
                />
              </div>
              <div
                className="modal-footer"
              >
                <button
                  className="btn btn-primary"
                  data-dismiss="modal"
                  form="accessibility-form"
                >
                  Close
                </button>
              </div>
            </div>,
            "className": "modal-dialog about-item-modal",
            "role": "document",
          },
          "ref": null,
          "rendered": Object {
            "instance": null,
            "key": null,
            "nodeType": "host",
            "props": Object {
              "children": Array [
                <div
                  className="modal-header"
                >
                  <button
                    aria-label="Close"
                    className="close"
                    data-dismiss="modal"
                    type="button"
                  >
                    <span
                      aria-hidden="true"
                    >
                      ×
                    </span>
                  </button>
                  <h4
                    className="modal-title"
                  >
                    About This Item
                  </h4>
                </div>,
                <div
                  className="modal-body"
                >
                  <ItemInformationDetail
                    commonCoreStandardsDescription=""
                    depthOfKnowledge=""
                    educationalDifficulty=""
                    evidenceStatement=""
                    itemCardViewModel={
                      Object {
                        "bankKey": 1,
                        "claimCode": "claim_1234",
                        "claimLabel": "claim_math",
                        "grade": 1,
                        "gradeLabel": "1",
                        "interactionTypeCode": "type01",
                        "interactionTypeLabel": "type01label",
                        "isPerformanceItem": false,
                        "itemKey": 123,
                        "subjectCode": "Math",
                        "subjectLabel": "MTH",
                        "target": "",
                        "title": "test_title",
                      }
                    }
                    targetDescription=""
                  />
                </div>,
                <div
                  className="modal-footer"
                >
                  <button
                    className="btn btn-primary"
                    data-dismiss="modal"
                    form="accessibility-form"
                  >
                    Close
                  </button>
                </div>,
              ],
              "className": "modal-content",
            },
            "ref": null,
            "rendered": Array [
              Object {
                "instance": null,
                "key": null,
                "nodeType": "host",
                "props": Object {
                  "children": Array [
                    <button
                      aria-label="Close"
                      className="close"
                      data-dismiss="modal"
                      type="button"
                    >
                      <span
                        aria-hidden="true"
                      >
                        ×
                      </span>
                    </button>,
                    <h4
                      className="modal-title"
                    >
                      About This Item
                    </h4>,
                  ],
                  "className": "modal-header",
                },
                "ref": null,
                "rendered": Array [
                  Object {
                    "instance": null,
                    "key": null,
                    "nodeType": "host",
                    "props": Object {
                      "aria-label": "Close",
                      "children": <span
                        aria-hidden="true"
                      >
                        ×
                      </span>,
                      "className": "close",
                      "data-dismiss": "modal",
                      "type": "button",
                    },
                    "ref": null,
                    "rendered": Object {
                      "instance": null,
                      "key": null,
                      "nodeType": "host",
                      "props": Object {
                        "aria-hidden": "true",
                        "children": "×",
                      },
                      "ref": null,
                      "rendered": "×",
                      "type": "span",
                    },
                    "type": "button",
                  },
                  Object {
                    "instance": null,
                    "key": null,
                    "nodeType": "host",
                    "props": Object {
                      "children": "About This Item",
                      "className": "modal-title",
                    },
                    "ref": null,
                    "rendered": "About This Item",
                    "type": "h4",
                  },
                ],
                "type": "div",
              },
              Object {
                "instance": null,
                "key": null,
                "nodeType": "host",
                "props": Object {
                  "children": <ItemInformationDetail
                    commonCoreStandardsDescription=""
                    depthOfKnowledge=""
                    educationalDifficulty=""
                    evidenceStatement=""
                    itemCardViewModel={
                      Object {
                        "bankKey": 1,
                        "claimCode": "claim_1234",
                        "claimLabel": "claim_math",
                        "grade": 1,
                        "gradeLabel": "1",
                        "interactionTypeCode": "type01",
                        "interactionTypeLabel": "type01label",
                        "isPerformanceItem": false,
                        "itemKey": 123,
                        "subjectCode": "Math",
                        "subjectLabel": "MTH",
                        "target": "",
                        "title": "test_title",
                      }
                    }
                    targetDescription=""
                  />,
                  "className": "modal-body",
                },
                "ref": null,
                "rendered": Object {
                  "instance": null,
                  "key": null,
                  "nodeType": "class",
                  "props": Object {
                    "commonCoreStandardsDescription": "",
                    "depthOfKnowledge": "",
                    "educationalDifficulty": "",
                    "evidenceStatement": "",
                    "itemCardViewModel": Object {
                      "bankKey": 1,
                      "claimCode": "claim_1234",
                      "claimLabel": "claim_math",
                      "grade": 1,
                      "gradeLabel": "1",
                      "interactionTypeCode": "type01",
                      "interactionTypeLabel": "type01label",
                      "isPerformanceItem": false,
                      "itemKey": 123,
                      "subjectCode": "Math",
                      "subjectLabel": "MTH",
                      "target": "",
                      "title": "test_title",
                    },
                    "targetDescription": "",
                  },
                  "ref": null,
                  "rendered": null,
                  "type": [Function],
                },
                "type": "div",
              },
              Object {
                "instance": null,
                "key": null,
                "nodeType": "host",
                "props": Object {
                  "children": <button
                    className="btn btn-primary"
                    data-dismiss="modal"
                    form="accessibility-form"
                  >
                    Close
                  </button>,
                  "className": "modal-footer",
                },
                "ref": null,
                "rendered": Object {
                  "instance": null,
                  "key": null,
                  "nodeType": "host",
                  "props": Object {
                    "children": "Close",
                    "className": "btn btn-primary",
                    "data-dismiss": "modal",
                    "form": "accessibility-form",
                  },
                  "ref": null,
                  "rendered": "Close",
                  "type": "button",
                },
                "type": "div",
              },
            ],
            "type": "div",
          },
          "type": "div",
        },
        ";",
      ],
      "type": "div",
    },
  ],
  Symbol(enzyme.__options__): Object {
    "adapter": ReactSixteenAdapter {
      "options": Object {
        "enableComponentDidUpdateOnSetState": true,
      },
    },
  },
}
`;
