// Jest Snapshot v1, https://goo.gl/fbAQLP

exports[`PageTabs matches snapshot for each tab 1`] = `
<div
  className="tabs"
>
  <div
    className="selected-tab"
    onClick={[Function]}
  >
    Item Viewer
  </div>
  <div
    className="tab-not-selected"
    onClick={[Function]}
  >
    Rubric and Exemplar
  </div>
  <div
    className="tab-not-selected"
    onClick={[Function]}
  >
    Item Information
  </div>
</div>
`;

exports[`PageTabs matches snapshot for each tab 2`] = `
<div
  className="tabs"
>
  <div
    className="tab-not-selected"
    onClick={[Function]}
  >
    Item Viewer
  </div>
  <div
    className="selected-tab"
    onClick={[Function]}
  >
    Rubric and Exemplar
  </div>
  <div
    className="tab-not-selected"
    onClick={[Function]}
  >
    Item Information
  </div>
</div>
`;

exports[`PageTabs matches snapshot for each tab 3`] = `
<div
  className="tabs"
>
  <div
    className="tab-not-selected"
    onClick={[Function]}
  >
    Item Viewer
  </div>
  <div
    className="tab-not-selected"
    onClick={[Function]}
  >
    Rubric and Exemplar
  </div>
  <div
    className="selected-tab"
    onClick={[Function]}
  >
    Item Information
  </div>
</div>
`;
