// Jest Snapshot v1, https://goo.gl/fbAQLP

exports[`ItemCard renders correctly 1`] = `
<div
  className="card card-block math"
  onClick={[Function]}
  onKeyUp={[Function]}
  tabIndex={0}
>
  <div
    className="card-contents"
  >
    <h4
      className="card-title"
      onClick={[Function]}
      onKeyUp={[Function]}
    />
    <p
      className="card-text subject"
    >
      <span
        className="card-text-label"
      >
        Subject:
      </span>
      <span
        className="card-text-value"
      >
         
        math
      </span>
    </p>
    <p
      className="card-text grade"
    >
      <span
        className="card-text-label"
      >
        Grade:
      </span>
      <span
        className="card-text-value"
      >
         
        grade 3
      </span>
    </p>
    <p
      className="card-text claim"
    >
      <span
        className="card-text-label"
      >
        Claim:
      </span>
      <span
        className="card-text-value"
      >
         
        Math Claim
      </span>
    </p>
    <p
      className="card-text target"
    >
      <span
        className="card-text-label"
      >
        Target:
      </span>
      <span
        className="card-text-value"
      >
        1-3
      </span>
    </p>
    <p
      className="card-text interaction-type"
    >
      <span
        className="card-text-label"
      >
        Item Type:
      </span>
      <span
        className="card-text-value"
      >
         
      </span>
    </p>
    <p
      className="card-text item-id"
    >
      <span
        className="card-text-label"
      >
        Item Id:
      </span>
      <span
        className="card-text-value"
      >
         
        1
      </span>
    </p>
  </div>
</div>
`;
