// Jest Snapshot v1, https://goo.gl/fbAQLP

exports[`EvidenceStatement matches snapshot 1`] = `
ShallowWrapper {
  "complexSelector": ComplexSelector {
    "buildPredicate": [Function],
    "childrenOfNode": [Function],
    "findWhereUnwrapped": [Function],
  },
  "length": 1,
  "node": <div
    dangerouslySetInnerHTML={
        Object {
            "__html": null,
          }
    }
/>,
  "nodes": Array [
    <div
      dangerouslySetInnerHTML={
            Object {
                  "__html": null,
                }
      }
/>,
  ],
  "options": Object {},
  "renderer": ReactShallowRenderer {
    "_instance": ShallowComponentWrapper {
      "_calledComponentWillUnmount": false,
      "_compositeType": 0,
      "_context": Object {},
      "_currentElement": <ItemViewComponent
        view={
                Object {
                        "captured": true,
                        "html": null,
                        "id": "12334",
                        "picturePath": null,
                        "type": 1,
                      }
        }
/>,
      "_debugID": 1,
      "_hostContainerInfo": null,
      "_hostParent": null,
      "_instance": ItemViewComponent {
        "_reactInternalInstance": [Circular],
        "context": Object {},
        "props": Object {
          "view": Object {
            "captured": true,
            "html": null,
            "id": "12334",
            "picturePath": null,
            "type": 1,
          },
        },
        "refs": Object {},
        "state": null,
        "updater": Object {
          "enqueueCallback": [Function],
          "enqueueCallbackInternal": [Function],
          "enqueueElementInternal": [Function],
          "enqueueForceUpdate": [Function],
          "enqueueReplaceState": [Function],
          "enqueueSetState": [Function],
          "isMounted": [Function],
          "validateCallback": [Function],
        },
      },
      "_mountOrder": 1,
      "_pendingCallbacks": null,
      "_pendingElement": null,
      "_pendingForceUpdate": false,
      "_pendingReplaceState": false,
      "_pendingStateQueue": null,
      "_renderedComponent": NoopInternalComponent {
        "_currentElement": <div
          dangerouslySetInnerHTML={
                    Object {
                              "__html": null,
                            }
          }
/>,
        "_debugID": 2,
        "_renderedOutput": <div
          dangerouslySetInnerHTML={
                    Object {
                              "__html": null,
                            }
          }
/>,
      },
      "_renderedNodeType": 0,
      "_rootNodeID": 0,
      "_topLevelWrapper": null,
      "_updateBatchNumber": null,
      "_warnedAboutRefsInRender": false,
    },
    "getRenderOutput": [Function],
    "render": [Function],
  },
  "root": [Circular],
  "unrendered": <ItemViewComponent
    view={
        Object {
            "captured": true,
            "html": null,
            "id": "12334",
            "picturePath": null,
            "type": 1,
          }
    }
/>,
}
`;
