// Jest Snapshot v1, https://goo.gl/fbAQLP

exports[`AccessibilityModal accessibility open 1`] = `
<div>
  <button
    aria-label="Open Accessibility Modal"
    className="btn btn-primary"
    onClick={[Function]}
    tabIndex={0}
  >
    <span
      aria-hidden="true"
      className="fa fa-caret-square-o-down"
    />
    Accessibility
  </button>
  <Modal
    ariaHideApp={true}
    bodyOpenClassName="ReactModal__Body--open"
    className="react-modal-content accessibility-modal"
    closeTimeoutMS={0}
    contentLabel="Accessibility Modal"
    isOpen={false}
    onRequestClose={[Function]}
    overlayClassName="react-modal-overlay"
    parentSelector={[Function]}
    portalClassName="ReactModalPortal"
    shouldCloseOnEsc={true}
    shouldCloseOnOverlayClick={true}
    shouldFocusAfterRender={true}
    shouldReturnFocusAfterClose={true}
  >
    <div
      className="modal-wrapper"
    >
      <div
        className="modal-header"
      >
        <h4
          className="modal-title"
        >
          Accessibility Options
        </h4>
        <button
          aria-label="Close accessibility options"
          className="close"
          onClick={[Function]}
        >
          <span
            aria-hidden="true"
            className="fa fa-times"
          />
        </button>
      </div>
      <div
        className="modal-body"
      >
        <p>
          <span>
            Options displayed in grey are not available for this item.
          </span>
        </p>
        <form
          id="accessibility-form"
          onSubmit={[Function]}
        >
          <div
            className="accessibility-groups"
          >
            <div
              className="accessibility-resource-type section section-light"
              key="Universal Tools"
            >
              <h4
                className="green-title"
              >
                <span
                  aria-hidden="true"
                  className="fa fa-tasks"
                />
                 
                Universal Tools
              </h4>
              <div
                className="accessibility-dropdowns"
              >
                <Dropdown
                  defaultSelection="TDS_SCNotepad"
                  disabled={false}
                  key="DigitalNotepad"
                  label="Digital Notepad"
                  resourceCode="DigitalNotepad"
                  selectionCode="TDS_SCNotepad"
                  selections={
                    Array [
                      Object {
                        "disabled": false,
                        "hidden": false,
                        "label": "Notepad on",
                        "order": 1,
                        "selectionCode": "TDS_SCNotepad",
                      },
                      Object {
                        "disabled": false,
                        "hidden": false,
                        "label": "Notepad off",
                        "order": 2,
                        "selectionCode": "TDS_SC0",
                      },
                      Object {
                        "disabled": true,
                        "hidden": false,
                        "label": "Notepad disabled",
                        "order": 3,
                        "selectionCode": "TDS_SC9",
                      },
                    ]
                  }
                  updateSelection={[Function]}
                />
                <Dropdown
                  defaultSelection="TDS_WL_0"
                  disabled={false}
                  key="EnglishGlossary"
                  label="English Glossary"
                  resourceCode="EnglishGlossary"
                  selectionCode="TDS_WL_0"
                  selections={
                    Array [
                      Object {
                        "disabled": false,
                        "hidden": false,
                        "label": "English Glossary on",
                        "order": 1,
                        "selectionCode": "TDS_WL_Glossary",
                      },
                      Object {
                        "disabled": false,
                        "hidden": false,
                        "label": "English Glossary off",
                        "order": 2,
                        "selectionCode": "TDS_WL_0",
                      },
                    ]
                  }
                  updateSelection={[Function]}
                />
              </div>
            </div>
          </div>
        </form>
      </div>
      <div
        className="modal-footer"
      >
        <button
          aria-label="Update options and reload item"
          className="btn btn-sm btn-primary"
          form="accessibility-form"
          onClick={[Function]}
        >
           
          Update
        </button>
        <button
          aria-label="Reset all options to default and reload item"
          className="btn btn-sm btn-primary"
          onClick={[Function]}
        >
          Reset to Default
        </button>
        <button
          aria-label="Cancel and undo changes"
          className="btn btn-sm btn-primary"
          onClick={[Function]}
        >
          Cancel
        </button>
      </div>
    </div>
  </Modal>
</div>
`;

exports[`AccessibilityModal defualt render 1`] = `
<div>
  <button
    aria-label="Open Accessibility Modal"
    className="btn btn-primary"
    onClick={[Function]}
    tabIndex={0}
  >
    <span
      aria-hidden="true"
      className="fa fa-caret-square-o-down"
    />
    Accessibility
  </button>
  <Modal
    ariaHideApp={true}
    bodyOpenClassName="ReactModal__Body--open"
    className="react-modal-content accessibility-modal"
    closeTimeoutMS={0}
    contentLabel="Accessibility Modal"
    isOpen={false}
    onRequestClose={[Function]}
    overlayClassName="react-modal-overlay"
    parentSelector={[Function]}
    portalClassName="ReactModalPortal"
    shouldCloseOnEsc={true}
    shouldCloseOnOverlayClick={true}
    shouldFocusAfterRender={true}
    shouldReturnFocusAfterClose={true}
  >
    <div
      className="modal-wrapper"
    >
      <div
        className="modal-header"
      >
        <h4
          className="modal-title"
        >
          Accessibility Options
        </h4>
        <button
          aria-label="Close accessibility options"
          className="close"
          onClick={[Function]}
        >
          <span
            aria-hidden="true"
            className="fa fa-times"
          />
        </button>
      </div>
      <div
        className="modal-body"
      >
        <p>
          <span>
            Options displayed in grey are not available for this item.
          </span>
        </p>
        <form
          id="accessibility-form"
          onSubmit={[Function]}
        >
          <div
            className="accessibility-groups"
          >
            <div
              className="accessibility-resource-type section section-light"
              key="Universal Tools"
            >
              <h4
                className="green-title"
              >
                <span
                  aria-hidden="true"
                  className="fa fa-tasks"
                />
                 
                Universal Tools
              </h4>
              <div
                className="accessibility-dropdowns"
              >
                <Dropdown
                  defaultSelection="TDS_SCNotepad"
                  disabled={false}
                  key="DigitalNotepad"
                  label="Digital Notepad"
                  resourceCode="DigitalNotepad"
                  selectionCode="TDS_SCNotepad"
                  selections={
                    Array [
                      Object {
                        "disabled": false,
                        "hidden": false,
                        "label": "Notepad on",
                        "order": 1,
                        "selectionCode": "TDS_SCNotepad",
                      },
                      Object {
                        "disabled": false,
                        "hidden": false,
                        "label": "Notepad off",
                        "order": 2,
                        "selectionCode": "TDS_SC0",
                      },
                      Object {
                        "disabled": true,
                        "hidden": false,
                        "label": "Notepad disabled",
                        "order": 3,
                        "selectionCode": "TDS_SC9",
                      },
                    ]
                  }
                  updateSelection={[Function]}
                />
                <Dropdown
                  defaultSelection="TDS_WL_0"
                  disabled={false}
                  key="EnglishGlossary"
                  label="English Glossary"
                  resourceCode="EnglishGlossary"
                  selectionCode="TDS_WL_0"
                  selections={
                    Array [
                      Object {
                        "disabled": false,
                        "hidden": false,
                        "label": "English Glossary on",
                        "order": 1,
                        "selectionCode": "TDS_WL_Glossary",
                      },
                      Object {
                        "disabled": false,
                        "hidden": false,
                        "label": "English Glossary off",
                        "order": 2,
                        "selectionCode": "TDS_WL_0",
                      },
                    ]
                  }
                  updateSelection={[Function]}
                />
              </div>
            </div>
          </div>
        </form>
      </div>
      <div
        className="modal-footer"
      >
        <button
          aria-label="Update options and reload item"
          className="btn btn-sm btn-primary"
          form="accessibility-form"
          onClick={[Function]}
        >
           
          Update
        </button>
        <button
          aria-label="Reset all options to default and reload item"
          className="btn btn-sm btn-primary"
          onClick={[Function]}
        >
          Reset to Default
        </button>
        <button
          aria-label="Cancel and undo changes"
          className="btn btn-sm btn-primary"
          onClick={[Function]}
        >
          Cancel
        </button>
      </div>
    </div>
  </Modal>
</div>
`;
