// Jest Snapshot v1, https://goo.gl/fbAQLP

exports[`ItemFileDropDown matches snapshot 1`] = `
ShallowWrapper {
  "complexSelector": ComplexSelector {
    "buildPredicate": [Function],
    "childrenOfNode": [Function],
    "findWhereUnwrapped": [Function],
  },
  "length": 1,
  "node": <div
    className="search-params"
>
    <div
        className="search-header"
    >
        <div
            className="search-status"
        />
        <div>
            <a
                onClick={[Function]}
                onKeyPress={[Function]}
                tabIndex={0}
            >
                Reset filters
            </a>
        </div>
    </div>
    <div
        aria-live="polite"
        aria-relevant="additions removals"
        className="search-categories"
    >
        <select
            onChange={[Function]}
            value={1023}
        >
            <option
                value="All"
            >
                All
            </option>
            <option
                value={1023}
            />
        </select>
        <select
            onChange={[Function]}
            value="12547456245"
        >
            <option
                value="All"
            >
                All
            </option>
            <option
                value="12547456245"
            >
                234509383405
            </option>
        </select>
        <select
            onChange={[Function]}
            value="12547456245"
        >
            <option
                value="All"
            >
                All
            </option>
            <option
                value="12547456245"
            >
                234509383405
            </option>
        </select>
    </div>
</div>,
  "nodes": Array [
    <div
      className="search-params"
>
      <div
            className="search-header"
      >
            <div
                  className="search-status"
            />
            <div>
                  <a
                        onClick={[Function]}
                        onKeyPress={[Function]}
                        tabIndex={0}
                  >
                        Reset filters
                  </a>
            </div>
      </div>
      <div
            aria-live="polite"
            aria-relevant="additions removals"
            className="search-categories"
      >
            <select
                  onChange={[Function]}
                  value={1023}
            >
                  <option
                        value="All"
                  >
                        All
                  </option>
                  <option
                        value={1023}
                  />
            </select>
            <select
                  onChange={[Function]}
                  value="12547456245"
            >
                  <option
                        value="All"
                  >
                        All
                  </option>
                  <option
                        value="12547456245"
                  >
                        234509383405
                  </option>
            </select>
            <select
                  onChange={[Function]}
                  value="12547456245"
            >
                  <option
                        value="All"
                  >
                        All
                  </option>
                  <option
                        value="12547456245"
                  >
                        234509383405
                  </option>
            </select>
      </div>
</div>,
  ],
  "options": Object {},
  "renderer": ReactShallowRenderer {
    "_instance": ShallowComponentWrapper {
      "_calledComponentWillUnmount": false,
      "_compositeType": 0,
      "_context": Object {},
      "_currentElement": <ItemSearchDropdown
        filterOptions={
                Object {
                        "grades": Array [
                          1023,
                        ],
                        "subjects": Array [
                          Object {
                            "code": "12547456245",
                            "label": "234509383405",
                          },
                        ],
                        "techTypes": Array [
                          Object {
                            "code": "12547456245",
                            "label": "234509383405",
                          },
                        ],
                      }
        }
        isLoading={false}
        itemFilter={
                Object {
                        "grade": 1023,
                        "subject": Object {
                          "code": "12547456245",
                          "label": "234509383405",
                        },
                        "techType": Object {
                          "code": "12547456245",
                          "label": "234509383405",
                        },
                      }
        }
        onChange={[Function]}
/>,
      "_debugID": 1,
      "_hostContainerInfo": null,
      "_hostParent": null,
      "_instance": ItemSearchDropdown {
        "_reactInternalInstance": [Circular],
        "changeGrade": [Function],
        "changeSubject": [Function],
        "changeTechType": [Function],
        "context": Object {},
        "props": Object {
          "filterOptions": Object {
            "grades": Array [
              1023,
            ],
            "subjects": Array [
              Object {
                "code": "12547456245",
                "label": "234509383405",
              },
            ],
            "techTypes": Array [
              Object {
                "code": "12547456245",
                "label": "234509383405",
              },
            ],
          },
          "isLoading": false,
          "itemFilter": Object {
            "grade": 1023,
            "subject": Object {
              "code": "12547456245",
              "label": "234509383405",
            },
            "techType": Object {
              "code": "12547456245",
              "label": "234509383405",
            },
          },
          "onChange": [Function],
        },
        "refs": Object {},
        "state": Object {
          "grade": 1023,
          "subject": Object {
            "code": "12547456245",
            "label": "234509383405",
          },
          "techType": Object {
            "code": "12547456245",
            "label": "234509383405",
          },
        },
        "updater": Object {
          "enqueueCallback": [Function],
          "enqueueCallbackInternal": [Function],
          "enqueueElementInternal": [Function],
          "enqueueForceUpdate": [Function],
          "enqueueReplaceState": [Function],
          "enqueueSetState": [Function],
          "isMounted": [Function],
          "validateCallback": [Function],
        },
      },
      "_mountOrder": 1,
      "_pendingCallbacks": null,
      "_pendingElement": null,
      "_pendingForceUpdate": false,
      "_pendingReplaceState": false,
      "_pendingStateQueue": null,
      "_renderedComponent": NoopInternalComponent {
        "_currentElement": <div
          className="search-params"
>
          <div
                    className="search-header"
          >
                    <div
                              className="search-status"
                    />
                    <div>
                              <a
                                        onClick={[Function]}
                                        onKeyPress={[Function]}
                                        tabIndex={0}
                              >
                                        Reset filters
                              </a>
                    </div>
          </div>
          <div
                    aria-live="polite"
                    aria-relevant="additions removals"
                    className="search-categories"
          >
                    <select
                              onChange={[Function]}
                              value={1023}
                    >
                              <option
                                        value="All"
                              >
                                        All
                              </option>
                              <option
                                        value={1023}
                              />
                    </select>
                    <select
                              onChange={[Function]}
                              value="12547456245"
                    >
                              <option
                                        value="All"
                              >
                                        All
                              </option>
                              <option
                                        value="12547456245"
                              >
                                        234509383405
                              </option>
                    </select>
                    <select
                              onChange={[Function]}
                              value="12547456245"
                    >
                              <option
                                        value="All"
                              >
                                        All
                              </option>
                              <option
                                        value="12547456245"
                              >
                                        234509383405
                              </option>
                    </select>
          </div>
</div>,
        "_debugID": 2,
        "_renderedOutput": <div
          className="search-params"
>
          <div
                    className="search-header"
          >
                    <div
                              className="search-status"
                    />
                    <div>
                              <a
                                        onClick={[Function]}
                                        onKeyPress={[Function]}
                                        tabIndex={0}
                              >
                                        Reset filters
                              </a>
                    </div>
          </div>
          <div
                    aria-live="polite"
                    aria-relevant="additions removals"
                    className="search-categories"
          >
                    <select
                              onChange={[Function]}
                              value={1023}
                    >
                              <option
                                        value="All"
                              >
                                        All
                              </option>
                              <option
                                        value={1023}
                              />
                    </select>
                    <select
                              onChange={[Function]}
                              value="12547456245"
                    >
                              <option
                                        value="All"
                              >
                                        All
                              </option>
                              <option
                                        value="12547456245"
                              >
                                        234509383405
                              </option>
                    </select>
                    <select
                              onChange={[Function]}
                              value="12547456245"
                    >
                              <option
                                        value="All"
                              >
                                        All
                              </option>
                              <option
                                        value="12547456245"
                              >
                                        234509383405
                              </option>
                    </select>
          </div>
</div>,
      },
      "_renderedNodeType": 0,
      "_rootNodeID": 0,
      "_topLevelWrapper": null,
      "_updateBatchNumber": null,
      "_warnedAboutRefsInRender": false,
    },
    "getRenderOutput": [Function],
    "render": [Function],
  },
  "root": [Circular],
  "unrendered": <ItemSearchDropdown
    filterOptions={
        Object {
            "grades": Array [
              1023,
            ],
            "subjects": Array [
              Object {
                "code": "12547456245",
                "label": "234509383405",
              },
            ],
            "techTypes": Array [
              Object {
                "code": "12547456245",
                "label": "234509383405",
              },
            ],
          }
    }
    isLoading={false}
    itemFilter={
        Object {
            "grade": 1023,
            "subject": Object {
              "code": "12547456245",
              "label": "234509383405",
            },
            "techType": Object {
              "code": "12547456245",
              "label": "234509383405",
            },
          }
    }
    onChange={[Function]}
/>,
}
`;
